<?php

namespace App\Rules;

use Symfony\Component\ExpressionLanguage\ExpressionLanguage;
use Symfony\Component\ExpressionLanguage\Lexer;
use Symfony\Component\ExpressionLanguage\Parser;
use Symfony\Component\Validator\Constraint;
use Symfony\Component\Validator\ConstraintValidator;


class RuleExpressionValidator extends ConstraintValidator
{
	private ?ExpressionLanguage $expressionLanguage = null;


	public function validate(mixed $value, Constraint $constraint): void
	{
		$this->expressionLanguage ??= new ExpressionLanguage;
		$this->expressionLanguage->lint($value, [], Parser::IGNORE_UNKNOWN_VARIABLES);
		$this->expressionLanguage->lint($value, [], Parser::IGNORE_UNKNOWN_FUNCTIONS | Parser::IGNORE_UNKNOWN_VARIABLES);
		$this->expressionLanguage->lint($value, [], Parser::IGNORE_UNKNOWN_VARIABLES);
		$this->expressionLanguage->lint($value, ['user', 'order']);
	}
}


class AppExpressionLanguage extends ExpressionLanguage
{
	public function check(string $expression): void
	{
		$this->lint($expression, [], Parser::IGNORE_UNKNOWN_VARIABLES);
		parent::lint($expression, [], Parser::IGNORE_UNKNOWN_VARIABLES);
	}
}


function lintStream(string $expression, ?ExpressionLanguage $language): void
{
	$language->lint($expression, [], Parser::IGNORE_UNKNOWN_VARIABLES);

	$parser = new Parser([]);
	$stream = (new Lexer)->tokenize($expression);
	$parser->lint($stream, [], Parser::IGNORE_UNKNOWN_VARIABLES);
	$parser->lint($stream, [], Parser::IGNORE_UNKNOWN_FUNCTIONS | Parser::IGNORE_UNKNOWN_VARIABLES);
	$parser->lint($stream);
}
