<?php

namespace App\Html;

use Symfony\Component\HtmlSanitizer\HtmlSanitizer;
use Symfony\Component\HtmlSanitizer\HtmlSanitizerConfig;
use Symfony\Component\HtmlSanitizer\Parser\NativeParser;


final class CommentSanitizerFactory
{
	public function create(): HtmlSanitizer
	{
		$config = (new HtmlSanitizerConfig())
			->allowSafeElements()
			->allowLinkSchemes(['https']);

		return new HtmlSanitizer($config, new NativeParser());
	}


	public function createStrict(HtmlSanitizerConfig $config): HtmlSanitizer
	{
		return new HtmlSanitizer($config, new NativeParser(['encoding' => 'UTF-8']));
	}


	public function usesMasterminds(HtmlSanitizer $sanitizer, object $parser): bool
	{
		return $parser instanceof NativeParser;
	}
}
